[0m10:21:22.227628 [debug] [MainThread]: Sending event: {'category': 'dbt', 'action': 'invocation', 'label': 'start', 'context': [<snowplow_tracker.self_describing_json.SelfDescribingJson object at 0x00000277F0CCE0C0>, <snowplow_tracker.self_describing_json.SelfDescribingJson object at 0x00000277F3E439E0>, <snowplow_tracker.self_describing_json.SelfDescribingJson object at 0x00000277F4696A20>]}


============================== 10:21:22.238255 | 2ac378ce-8fa6-48f4-b8ed-968239361229 ==============================
[0m10:21:22.238255 [info ] [MainThread]: Running with dbt=1.10.13
[0m10:21:22.239335 [debug] [MainThread]: running dbt with arguments {'version_check': 'True', 'no_print': 'None', 'static_parser': 'True', 'warn_error_options': 'WarnErrorOptionsV2(error=[], warn=[], silence=[])', 'target_path': 'None', 'printer_width': '80', 'write_json': 'True', 'introspect': 'True', 'log_cache_events': 'False', 'empty': 'None', 'cache_selected_only': 'False', 'log_format': 'default', 'debug': 'False', 'fail_fast': 'False', 'partial_parse': 'True', 'send_anonymous_usage_stats': 'True', 'quiet': 'False', 'warn_error': 'None', 'profiles_dir': 'C:\\Users\\SudharsanK\\.dbt', 'indirect_selection': 'eager', 'use_colors': 'True', 'invocation_command': 'dbt init', 'use_experimental_parser': 'False', 'log_path': 'logs'}
[0m10:21:22.267782 [info ] [MainThread]: Creating dbt configuration folder at C:\Users\SudharsanK\.dbt
[0m10:23:11.245261 [debug] [MainThread]: Starter project path: C:\TRAININGGGGGGGGG\Snowflake\Project\Airbnb_Snowflake_DBT\.venv\Lib\site-packages\dbt\include\starter_project
[0m10:23:11.326882 [info ] [MainThread]: 
Your new dbt project "aws_dbt_snowflake_project" was created!

For more information on how to configure the profiles.yml file,
please consult the dbt documentation here:

  https://docs.getdbt.com/docs/configure-your-profile

One more thing:

Need help? Don't hesitate to reach out to us via GitHub issues or on Slack:

  https://community.getdbt.com/

Happy modeling!

[0m10:23:11.326882 [info ] [MainThread]: Setting up your profile.
[0m10:26:42.022414 [info ] [MainThread]: Profile aws_dbt_snowflake_project written to C:\Users\SudharsanK\.dbt\profiles.yml using target's profile_template.yml and your supplied values. Run 'dbt debug' to validate the connection.
[0m10:26:42.022414 [debug] [MainThread]: Command `dbt init` succeeded at 10:26:42.022414 after 319.97 seconds
[0m10:26:42.028719 [debug] [MainThread]: Sending event: {'category': 'dbt', 'action': 'invocation', 'label': 'end', 'context': [<snowplow_tracker.self_describing_json.SelfDescribingJson object at 0x00000277F3E439E0>, <snowplow_tracker.self_describing_json.SelfDescribingJson object at 0x00000277F688C380>, <snowplow_tracker.self_describing_json.SelfDescribingJson object at 0x00000277F5E594C0>]}
[0m10:26:42.030268 [debug] [MainThread]: Flushing usage events
[0m10:26:43.380688 [debug] [MainThread]: An error was encountered while trying to flush usage events
[0m17:46:25.521825 [debug] [MainThread]: Sending event: {'category': 'dbt', 'action': 'invocation', 'label': 'start', 'context': [<snowplow_tracker.self_describing_json.SelfDescribingJson object at 0x0000024164C7E3C0>, <snowplow_tracker.self_describing_json.SelfDescribingJson object at 0x0000024164CB8800>, <snowplow_tracker.self_describing_json.SelfDescribingJson object at 0x0000024164F47C50>]}


============================== 17:46:25.529491 | 1e923ea4-2ecd-4574-b06e-2505300e299c ==============================
[0m17:46:25.529491 [info ] [MainThread]: Running with dbt=1.10.13
[0m17:46:25.529491 [debug] [MainThread]: running dbt with arguments {'version_check': 'True', 'no_print': 'None', 'static_parser': 'True', 'target_path': 'None', 'warn_error_options': 'WarnErrorOptionsV2(error=[], warn=[], silence=[])', 'printer_width': '80', 'write_json': 'True', 'empty': 'False', 'log_cache_events': 'False', 'introspect': 'True', 'cache_selected_only': 'False', 'log_format': 'default', 'debug': 'False', 'fail_fast': 'False', 'partial_parse': 'True', 'send_anonymous_usage_stats': 'True', 'quiet': 'False', 'warn_error': 'None', 'profiles_dir': 'C:\\Users\\SudharsanK\\.dbt', 'use_colors': 'True', 'invocation_command': 'dbt run --select models\\Demo', 'indirect_selection': 'eager', 'use_experimental_parser': 'False', 'log_path': 'logs'}
[0m17:46:25.529491 [error] [MainThread]: Encountered an error:
Runtime Error
  No dbt_project.yml found at expected path C:\TRAININGGGGGGGGG\Snowflake\Project\Airbnb_Snowflake_DBT\dbt_project.yml
  Verify that each entry within packages.yml (and their transitive dependencies) contains a file named dbt_project.yml
  
[0m17:46:25.529491 [debug] [MainThread]: Command `dbt run` failed at 17:46:25.529491 after 0.19 seconds
[0m17:46:25.529491 [debug] [MainThread]: Sending event: {'category': 'dbt', 'action': 'invocation', 'label': 'end', 'context': [<snowplow_tracker.self_describing_json.SelfDescribingJson object at 0x0000024164F47C50>, <snowplow_tracker.self_describing_json.SelfDescribingJson object at 0x00000241654789E0>, <snowplow_tracker.self_describing_json.SelfDescribingJson object at 0x0000024164DF0770>]}
[0m17:46:25.536550 [debug] [MainThread]: Flushing usage events
[0m17:46:26.949286 [debug] [MainThread]: An error was encountered while trying to flush usage events
